MPASM  5.02                     INTERRUPT.ASM   4-28-2006  14:36:03         PAGE  1


LOC  OBJECT CODE     LINE SOURCE TEXT
  VALUE

                      00001 ;******************************************************************************
                      00002 ;Software License Agreement                                         
                      00003 ;                                                                    
                      00004 ;The software supplied herewith by Microchip Technology             
                      00005 ;Incorporated (the "Company") is intended and supplied to you, the  
                      00006 ;Company’s customer, for use solely and exclusively on Microchip    
                      00007 ;products. The software is owned by the Company and/or its supplier,
                      00008 ;and is protected under applicable copyright laws. All rights are   
                      00009 ;reserved. Any use in violation of the foregoing restrictions may   
                      00010 ;subject the user to criminal sanctions under applicable laws, as   
                      00011 ;well as to civil liability for the breach of the terms and         
                      00012 ;conditions of this license.                                        
                      00013 ;                                                                    
                      00014 ;THIS SOFTWARE IS PROVIDED IN AN "AS IS" CONDITION. NO WARRANTIES,  
                      00015 ;WHETHER EXPRESS, IMPLIED OR STATUTORY, INCLUDING, BUT NOT LIMITED  
                      00016 ;TO, IMPLIED WARRANTIES OF MERCHANTABILITY AND FITNESS FOR A       
                      00017 ;PARTICULAR PURPOSE APPLY TO THIS SOFTWARE. THE COMPANY SHALL NOT,  
                      00018 ;IN ANY CIRCUMSTANCES, BE LIABLE FOR SPECIAL, INCIDENTAL OR         
                      00019 ;CONSEQUENTIAL DAMAGES, FOR ANY REASON WHATSOEVER.       
                      00020 ; *******************************************************************
                      00021 ; PICkit 2 Lesson 10 - Interrupts
                      00022 ;
                      00023 ; This shows how to configure and use the Timer 0 interrupt to 
                      00024 ; trigger reading the A2D every 
                      00025 ;
                      00026 
                      00027 #include <p16F690.inc>
                      00001         LIST
                      00002 ; P16F690.INC  Standard Header File, Version 1.00    Microchip Technology, Inc.
Message[301]: MESSAGE: (Processor-header file mismatch.  Verify selected processor.)
                      00607         LIST
2007   30D4           00028         __config (_INTRC_OSC_NOCLKOUT & _WDT_OFF & _PWRTE_OFF & _MCLRE_OFF & _CP_OFF & _BOR_OFF & _IESO_
                            OFF & _FCMEN_OFF)
                      00029 
                      00030         cblock  0x20
  00000020            00031 Delay1                  ; Assign an address to label Delay1
  00000021            00032 Delay2  
  00000022            00033 Display                 ; define a variable to hold the diplay
  00000023            00034 Direction 
  00000024            00035 LookingFor
  00000025            00036 T0Semaphore
                      00037         endc
                      00038         
                      00039 ; Flag Definitions
                      00040 
                      00041         cblock 0x70     ; put these up in unbanked RAM
  00000070            00042 W_Save
  00000071            00043 STATUS_Save
                      00044         endc
                      00045         
0000                  00046         org 0
0000   2817           00047         goto    Start
0001   0000           00048         nop
MPASM  5.02                     INTERRUPT.ASM   4-28-2006  14:36:03         PAGE  2


LOC  OBJECT CODE     LINE SOURCE TEXT
  VALUE

0002   0000           00049         nop
0003   0000           00050         nop
0004   00F0           00051 ISR     movwf   W_Save
0005   0803           00052         movf    STATUS,w
0006   00F1           00053         movwf   STATUS_Save
                      00054         
                      00055 ;       btfsc   PIR1,T1IF       ; Uncomment if you needed to check Timer 1
                      00056 ;       goto    ServiceTimer1
0007   190B           00057         btfsc   INTCON,T0IF
0008   280A           00058         goto    ServiceTimer0
                      00059 ;       btfsc   PIC1,ADIF       ; Uncomment if you need to check the ADC
                      00060 ;       goto    ServiceADC
0009   2812           00061         goto    ExitISR         
                      00062         
000A                  00063 ServiceTimer0
000A   110B           00064         bcf     INTCON,T0IF     ; clear the interrupt flag. (must be done in software)
000B   1425           00065         bsf     T0Semaphore,0   ; signal the main routine that the Timer has expired
000C   149F           00066         bsf     ADCON0,GO       ; start conversion
000D   189F           00067         btfsc   ADCON0,GO       ; this bit will change to zero when the conversion is complete
000E   280D           00068         goto    $-1
000F   091E           00069         comf    ADRESH,w        ; Form the 1's complement of ADresult
0010   0081           00070         movwf   TMR0            ; Also clears the prescaler
0011   2812           00071         goto    ExitISR
                      00072                         
0012                  00073 ExitISR
0012   0871           00074         movf    STATUS_Save,w
0013   0083           00075         movwf   STATUS
0014   0EF0           00076         swapf   W_Save,f
0015   0E70           00077         swapf   W_Save,w
0016   0009           00078         retfie
                      00079         
                      00080         
0017                  00081 Start
0017   1683           00082         bsf     STATUS,RP0      ; select Register Page 1
0018   30FF           00083         movlw   0xFF
Message[302]: Register in operand not in bank 0.  Ensure that bank bits are correct.
0019   0085           00084         movwf   TRISA           ; Make PortA all input
Message[302]: Register in operand not in bank 0.  Ensure that bank bits are correct.
001A   0187           00085         clrf    TRISC           ; Make PortC all output
                      00086 
001B   3010           00087         movlw   0x10            ; A2D Clock Fosc/8
Message[302]: Register in operand not in bank 0.  Ensure that bank bits are correct.
001C   009F           00088         movwf   ADCON1
                      00089 
001D   3087           00090         movlw   B'10000111'     ; configure Prescaler on Timer0, max prescale (/256)
Message[302]: Register in operand not in bank 0.  Ensure that bank bits are correct.
001E   0081           00091         movwf   OPTION_REG      ; configure
                      00092 ;       bcf     STATUS,RP0      ; back to Register Page 0
                      00093 
001F   1283           00094         bcf     STATUS,RP0      ; address Register Page 2
0020   1703           00095         bsf     STATUS,RP1      
0021   3001           00096         movlw   0x01            ; we want all Port A pins Analog, except RA3
Message[302]: Register in operand not in bank 0.  Ensure that bank bits are correct.
MPASM  5.02                     INTERRUPT.ASM   4-28-2006  14:36:03         PAGE  3


LOC  OBJECT CODE     LINE SOURCE TEXT
  VALUE

0022   009E           00097         movwf   ANSEL
0023   1283           00098         bcf     STATUS,RP0      ; address Register Page 0
0024   1303           00099         bcf     STATUS,RP1
                      00100         
0025   3001           00101         movlw   0x01
0026   009F           00102         movwf   ADCON0          ; configure A2D for Channel 0 (RA0), Left justified, and turn on the A2D
                             module
0027   3008           00103         movlw   0x08
0028   00A2           00104         movwf   Display
0029   01A3           00105         clrf    Direction
002A   01A4           00106         clrf    LookingFor      ; Looking for a 0 on the button
                      00107         
                      00108         
002B   30A0           00109         movlw   B'10100000'     ; enable Timer 0 and global interrupts
002C   008B           00110         movwf   INTCON
002D                  00111 MainLoop
002D   1C25           00112         btfss   T0Semaphore,0   ; did the Timer0 overflow?
002E   283C           00113         goto    CheckButton     ; no - go monitor the button
002F   1025           00114         bcf     T0Semaphore,0   ; clear the flag        
0030   0822           00115         movf    Display,w       ; Copy the display to the LEDs
0031   0087           00116         movwf   PORTC
                      00117         
0032                  00118 Rotate
0032   1003           00119         bcf     STATUS,C        ; ensure the carry bit is clear
0033   1C23           00120         btfss   Direction,0
0034   2839           00121         goto    RotateLeft
0035                  00122 RotateRight
0035   0CA2           00123         rrf     Display,f
0036   1803           00124         btfsc   STATUS,C        ; Did the bit rotate into the carry?
0037   15A2           00125         bsf     Display,3       ; yes, put it into bit 3.
                      00126 
0038   283C           00127         goto    CheckButton
0039                  00128 RotateLeft
0039   0DA2           00129         rlf     Display,f       ; rotate in place
003A   1A22           00130         btfsc   Display,4       ; did it rotate out of the display
003B   1422           00131         bsf     Display,0       ; yes, put it into bit 0
                      00132 
003C                  00133 CheckButton
003C   1824           00134         btfsc   LookingFor,0    ; which direction are we looking for
003D   2844           00135         goto    LookingFor1
003E                  00136 LookingFor0
003E   1985           00137         btfsc   PORTA,3         ; is the switch pressed (0)
003F   2846           00138         goto    EndMainLoop
0040   1424           00139         bsf     LookingFor,0    ; yes  Next we'll be looking for a 1
0041   30FF           00140         movlw   0xFF            ; load the W register incase we need it
0042   06A3           00141         xorwf   Direction,f     ; yes, flip the direction bit
0043   2846           00142         goto    EndMainLoop
                      00143 
0044                  00144 LookingFor1
0044   1985           00145         btfsc   PORTA,3         ; is the switch pressed (0)
0045   1024           00146         bcf     LookingFor,0
                      00147 
0046                  00148 EndMainLoop
MPASM  5.02                     INTERRUPT.ASM   4-28-2006  14:36:03         PAGE  4


LOC  OBJECT CODE     LINE SOURCE TEXT
  VALUE

0046   300D           00149         movlw   .13
0047   2049           00150         call    Delay           ; delay ~10mS (13 * 775uS)
0048   282D           00151         goto    MainLoop
                      00152 
                      00153 ; Delay Subroutine.  Enter delays Wreg * 771uS + 5 uS including call and return
0049   00A1           00154 Delay   movwf   Delay2          ;
004A                  00155 DelayLoop
004A   0BA0           00156         decfsz  Delay1,f        ; Waste time.  
004B   284A           00157         goto    DelayLoop       ; The Inner loop takes 3 instructions per loop * 256 loopss = 768 instru
                            ctions
004C   0BA1           00158         decfsz  Delay2,f        ; The outer loop takes and additional 3 instructions per lap * 256 loops
004D   284A           00159         goto    DelayLoop       ; (768+3) * 256 = 197376 instructions / 1M instructions per second = 0.1
                            97 sec.
                      00160                                 ; call it a two-tenths of a second.
004E   0008           00161         return
                      00162         
                      00163         end
MPASM  5.02                     INTERRUPT.ASM   4-28-2006  14:36:03         PAGE  5


SYMBOL TABLE
  LABEL                             VALUE 

ABDEN                             00000000
ABDOVF                            00000007
ADCON0                            0000001F
ADCON1                            0000009F
ADCS0                             00000004
ADCS1                             00000005
ADCS2                             00000006
ADDEN                             00000003
ADFM                              00000007
ADIE                              00000006
ADIF                              00000006
ADON                              00000000
ADRESH                            0000001E
ADRESL                            0000009E
ANS0                              00000000
ANS1                              00000001
ANS10                             00000002
ANS11                             00000003
ANS2                              00000002
ANS3                              00000003
ANS4                              00000004
ANS5                              00000005
ANS6                              00000006
ANS7                              00000007
ANS8                              00000000
ANS9                              00000001
ANSEL                             0000011E
ANSELH                            0000011F
BAUDCTL                           0000009B
BF                                00000000
BRG0                              00000000
BRG1                              00000001
BRG10                             00000002
BRG11                             00000003
BRG12                             00000004
BRG13                             00000005
BRG14                             00000006
BRG15                             00000007
BRG16                             00000003
BRG2                              00000002
BRG3                              00000003
BRG4                              00000004
BRG5                              00000005
BRG6                              00000006
BRG7                              00000007
BRG8                              00000000
BRG9                              00000001
BRGH                              00000002
C                                 00000000
C1CH0                             00000000
C1CH1                             00000001
C1IE                              00000005
C1IF                              00000005
MPASM  5.02                     INTERRUPT.ASM   4-28-2006  14:36:03         PAGE  6


SYMBOL TABLE
  LABEL                             VALUE 

C1OE                              00000005
C1ON                              00000007
C1OUT                             00000006
C1POL                             00000004
C1R                               00000002
C1SEN                             00000005
C1VREN                            00000007
C2CH0                             00000000
C2CH1                             00000001
C2IE                              00000006
C2IF                              00000006
C2OE                              00000005
C2ON                              00000007
C2OUT                             00000006
C2POL                             00000004
C2R                               00000002
C2REN                             00000004
C2SYNC                            00000000
C2VREN                            00000006
CCP1CON                           00000017
CCP1IE                            00000002
CCP1IF                            00000002
CCP1M0                            00000000
CCP1M1                            00000001
CCP1M2                            00000002
CCP1M3                            00000003
CCPR1H                            00000016
CCPR1L                            00000015
CHS0                              00000002
CHS1                              00000003
CHS2                              00000004
CHS3                              00000005
CKE                               00000006
CKP                               00000004
CM1CON0                           00000119
CM2CON0                           0000011A
CM2CON1                           0000011B
CREN                              00000004
CSRC                              00000007
CheckButton                       0000003C
D                                 00000005
DATA_ADDRESS                      00000005
DC                                00000001
DC1B0                             00000004
DC1B1                             00000005
D_A                               00000005
Delay                             00000049
Delay1                            00000020
Delay2                            00000021
DelayLoop                         0000004A
Direction                         00000023
Display                           00000022
ECCPAS                            0000001D
MPASM  5.02                     INTERRUPT.ASM   4-28-2006  14:36:03         PAGE  7


SYMBOL TABLE
  LABEL                             VALUE 

ECCPAS0                           00000004
ECCPAS1                           00000005
ECCPAS2                           00000006
ECCPASE                           00000007
EEADR                             0000010D
EEADRH                            0000010F
EECON1                            0000018C
EECON2                            0000018D
EEDAT                             0000010C
EEDATA                            0000010C
EEDATH                            0000010E
EEIE                              00000004
EEIF                              00000004
EEPGD                             00000007
EndMainLoop                       00000046
ExitISR                           00000012
F                                 00000001
FERR                              00000002
FSR                               00000004
GIE                               00000007
GO                                00000001
GO_DONE                           00000001
HTS                               00000002
I2C_DATA                          00000005
I2C_READ                          00000002
I2C_START                         00000003
I2C_STOP                          00000004
INDF                              00000000
INTCON                            0000000B
INTE                              00000004
INTEDG                            00000006
INTF                              00000001
IOC                               00000096
IOC0                              00000000
IOC1                              00000001
IOC2                              00000002
IOC3                              00000003
IOC4                              00000004
IOC5                              00000005
IOCA                              00000096
IOCA0                             00000000
IOCA1                             00000001
IOCA2                             00000002
IOCA3                             00000003
IOCA4                             00000004
IOCA5                             00000005
IOCB                              00000116
IOCB4                             00000004
IOCB5                             00000005
IOCB6                             00000006
IOCB7                             00000007
IRCF0                             00000004
IRCF1                             00000005
MPASM  5.02                     INTERRUPT.ASM   4-28-2006  14:36:03         PAGE  8


SYMBOL TABLE
  LABEL                             VALUE 

IRCF2                             00000006
IRP                               00000007
ISR                               00000004
LTS                               00000001
LookingFor                        00000024
LookingFor0                       0000003E
LookingFor1                       00000044
MC1OUT                            00000007
MC2OUT                            00000006
MSK                               00000093
MainLoop                          0000002D
NOT_A                             00000005
NOT_ADDRESS                       00000005
NOT_BOR                           00000000
NOT_DONE                          00000001
NOT_PD                            00000003
NOT_POR                           00000001
NOT_RABPU                         00000007
NOT_T1SYNC                        00000002
NOT_TO                            00000004
NOT_W                             00000002
NOT_WRITE                         00000002
OERR                              00000001
OPTION_REG                        00000081
OSCCON                            0000008F
OSCTUNE                           00000090
OSFIE                             00000007
OSFIF                             00000007
OSTS                              00000003
P                                 00000004
P1M0                              00000006
P1M1                              00000007
PCL                               00000002
PCLATH                            0000000A
PCON                              0000008E
PDC0                              00000000
PDC1                              00000001
PDC2                              00000002
PDC3                              00000003
PDC4                              00000004
PDC5                              00000005
PDC6                              00000006
PEIE                              00000006
PIE1                              0000008C
PIE2                              0000008D
PIR1                              0000000C
PIR2                              0000000D
PORTA                             00000005
PORTB                             00000006
PORTC                             00000007
PR2                               00000092
PRSEN                             00000007
PS0                               00000000
MPASM  5.02                     INTERRUPT.ASM   4-28-2006  14:36:03         PAGE  9


SYMBOL TABLE
  LABEL                             VALUE 

PS1                               00000001
PS2                               00000002
PSA                               00000003
PSSAC0                            00000002
PSSAC1                            00000003
PSSBD0                            00000000
PSSBD1                            00000001
PSTRCON                           0000019D
PULSR                             00000002
PULSS                             00000003
PWM1CON                           0000001C
R                                 00000002
RABIE                             00000003
RABIF                             00000000
RCIDL                             00000006
RCIE                              00000005
RCIF                              00000005
RCREG                             0000001A
RCSTA                             00000018
RD                                00000000
READ_WRITE                        00000002
RP0                               00000005
RP1                               00000006
RX9                               00000006
RX9D                              00000000
R_W                               00000002
Rotate                            00000032
RotateLeft                        00000039
RotateRight                       00000035
S                                 00000003
SBOREN                            00000004
SCKP                              00000004
SCS                               00000000
SENB                              00000003
SMP                               00000007
SPBRG                             00000099
SPBRGH                            0000009A
SPEN                              00000007
SR0                               00000006
SR1                               00000007
SRCON                             0000019E
SREN                              00000005
SSPADD                            00000093
SSPBUF                            00000013
SSPCON                            00000014
SSPEN                             00000005
SSPIE                             00000003
SSPIF                             00000003
SSPM0                             00000000
SSPM1                             00000001
SSPM2                             00000002
SSPM3                             00000003
SSPMSK                            00000093
MPASM  5.02                     INTERRUPT.ASM   4-28-2006  14:36:03         PAGE 10


SYMBOL TABLE
  LABEL                             VALUE 

SSPOV                             00000006
SSPSTAT                           00000094
STATUS                            00000003
STATUS_Save                       00000071
STRA                              00000000
STRB                              00000001
STRC                              00000002
STRD                              00000003
STRSYNC                           00000004
SWDTEN                            00000000
SYNC                              00000004
ServiceTimer0                     0000000A
Start                             00000017
T0CS                              00000005
T0IE                              00000005
T0IF                              00000002
T0SE                              00000004
T0Semaphore                       00000025
T1CKPS0                           00000004
T1CKPS1                           00000005
T1CON                             00000010
T1GINV                            00000007
T1GSS                             00000001
T1IE                              00000000
T1IF                              00000000
T1OSCEN                           00000003
T2CKPS0                           00000000
T2CKPS1                           00000001
T2CON                             00000012
T2IE                              00000001
T2IF                              00000001
TMR0                              00000001
TMR1CS                            00000001
TMR1GE                            00000006
TMR1H                             0000000F
TMR1IE                            00000000
TMR1IF                            00000000
TMR1L                             0000000E
TMR1ON                            00000000
TMR2                              00000011
TMR2IE                            00000001
TMR2IF                            00000001
TMR2ON                            00000002
TOUTPS0                           00000003
TOUTPS1                           00000004
TOUTPS2                           00000005
TOUTPS3                           00000006
TRISA                             00000085
TRISA0                            00000000
TRISA1                            00000001
TRISA2                            00000002
TRISA3                            00000003
TRISA4                            00000004
MPASM  5.02                     INTERRUPT.ASM   4-28-2006  14:36:03         PAGE 11


SYMBOL TABLE
  LABEL                             VALUE 

TRISA5                            00000005
TRISB                             00000086
TRISB4                            00000004
TRISB5                            00000005
TRISB6                            00000006
TRISB7                            00000007
TRISC                             00000087
TRISC0                            00000000
TRISC1                            00000001
TRISC2                            00000002
TRISC3                            00000003
TRISC4                            00000004
TRISC5                            00000005
TRISC6                            00000006
TRISC7                            00000007
TRMT                              00000001
TUN0                              00000000
TUN1                              00000001
TUN2                              00000002
TUN3                              00000003
TUN4                              00000004
TX9                               00000006
TX9D                              00000000
TXEN                              00000005
TXIE                              00000004
TXIF                              00000004
TXREG                             00000019
TXSTA                             00000098
UA                                00000001
ULPWUE                            00000005
VCFG                              00000006
VP6EN                             00000004
VR0                               00000000
VR1                               00000001
VR2                               00000002
VR3                               00000003
VRCON                             00000118
VRR                               00000005
W                                 00000000
WCOL                              00000007
WDTCON                            00000097
WDTPS0                            00000001
WDTPS1                            00000002
WDTPS2                            00000003
WDTPS3                            00000004
WPU                               00000095
WPUA                              00000095
WPUA0                             00000000
WPUA1                             00000001
WPUA2                             00000002
WPUA4                             00000004
WPUA5                             00000005
WPUB                              00000115
MPASM  5.02                     INTERRUPT.ASM   4-28-2006  14:36:03         PAGE 12


SYMBOL TABLE
  LABEL                             VALUE 

WPUB4                             00000004
WPUB5                             00000005
WPUB6                             00000006
WPUB7                             00000007
WR                                00000001
WREN                              00000002
WRERR                             00000003
WUE                               00000001
W_Save                            00000070
Z                                 00000002
_BOR_NSLEEP                       00003EFF
_BOR_OFF                          00003CFF
_BOR_ON                           00003FFF
_BOR_SBODEN                       00003DFF
_CPD_OFF                          00003FFF
_CPD_ON                           00003F7F
_CP_OFF                           00003FFF
_CP_ON                            00003FBF
_EC_OSC                           00003FFB
_EXTRC                            00003FFF
_EXTRCIO                          00003FFE
_EXTRC_OSC_CLKOUT                 00003FFF
_EXTRC_OSC_NOCLKOUT               00003FFE
_FCMEN_OFF                        000037FF
_FCMEN_ON                         00003FFF
_HS_OSC                           00003FFA
_IESO_OFF                         00003BFF
_IESO_ON                          00003FFF
_INTOSC                           00003FFD
_INTOSCIO                         00003FFC
_INTRC_OSC_CLKOUT                 00003FFD
_INTRC_OSC_NOCLKOUT               00003FFC
_LP_OSC                           00003FF8
_MCLRE_OFF                        00003FDF
_MCLRE_ON                         00003FFF
_PWRTE_OFF                        00003FFF
_PWRTE_ON                         00003FEF
_WDT_OFF                          00003FF7
_WDT_ON                           00003FFF
_XT_OSC                           00003FF9
__16F917                          00000001
MPASM  5.02                     INTERRUPT.ASM   4-28-2006  14:36:03         PAGE 13


MEMORY USAGE MAP ('X' = Used,  '-' = Unused)


0000 : XXXXXXXXXXXXXXXX XXXXXXXXXXXXXXXX XXXXXXXXXXXXXXXX XXXXXXXXXXXXXXXX
0040 : XXXXXXXXXXXXXXX- ---------------- ---------------- ----------------
2000 : -------X-------- ---------------- ---------------- ----------------

All other memory blocks unused.

Program Memory Words Used:    79
Program Memory Words Free:  8113


Errors   :     0
Warnings :     0 reported,     0 suppressed
Messages :     6 reported,     0 suppressed

