MPASM  5.02                        FILTER.ASM   4-28-2006  14:26:12         PAGE  1


LOC  OBJECT CODE     LINE SOURCE TEXT
  VALUE

                      00001 ;******************************************************************************
                      00002 ;Software License Agreement                                         
                      00003 ;                                                                    
                      00004 ;The software supplied herewith by Microchip Technology             
                      00005 ;Incorporated (the "Company") is intended and supplied to you, the  
                      00006 ;Company’s customer, for use solely and exclusively on Microchip    
                      00007 ;products. The software is owned by the Company and/or its supplier,
                      00008 ;and is protected under applicable copyright laws. All rights are   
                      00009 ;reserved. Any use in violation of the foregoing restrictions may   
                      00010 ;subject the user to criminal sanctions under applicable laws, as   
                      00011 ;well as to civil liability for the breach of the terms and         
                      00012 ;conditions of this license.                                        
                      00013 ;                                                                    
                      00014 ;THIS SOFTWARE IS PROVIDED IN AN "AS IS" CONDITION. NO WARRANTIES,  
                      00015 ;WHETHER EXPRESS, IMPLIED OR STATUTORY, INCLUDING, BUT NOT LIMITED  
                      00016 ;TO, IMPLIED WARRANTIES OF MERCHANTABILITY AND FITNESS FOR A       
                      00017 ;PARTICULAR PURPOSE APPLY TO THIS SOFTWARE. THE COMPANY SHALL NOT,  
                      00018 ;IN ANY CIRCUMSTANCES, BE LIABLE FOR SPECIAL, INCIDENTAL OR         
                      00019 ;CONSEQUENTIAL DAMAGES, FOR ANY REASON WHATSOEVER.       
                      00020 ; *******************************************************************
                      00021 
                      00022 ; PICkit 2 Lesson 11 - Moving Average Filter
                      00023 ;
                      00024 ; This shows using the FSR to implement a Moving Average filter
                      00025 ; it reads the pot value via the A2D converter, Averages the result
                      00026 ; with the last 7 readings and displays the High order bits on the 
                      00027 ; 4 bit LED display. The pot on the Low Pin Count Demo board varies 
                      00028 ; the voltage coming in on RA0.
                      00029 ;
                      00030 
                      00031 #include <p16F690.inc>
                      00001         LIST
                      00002 ; P16F690.INC  Standard Header File, Version 1.00    Microchip Technology, Inc.
Message[301]: MESSAGE: (Processor-header file mismatch.  Verify selected processor.)
                      00607         LIST
2007   30D4           00032         __config (_INTRC_OSC_NOCLKOUT & _WDT_OFF & _PWRTE_OFF & _MCLRE_OFF & _CP_OFF & _BOR_OFF & _IESO_
                            OFF & _FCMEN_OFF)
                      00033 
                      00034         cblock 0x20
  00000020            00035 Display         ; define a variable to hold the diplay
  00000021            00036 Queue:8         ; 8 bytes to hold last 8 entries
  00000029            00037 Delay:2         ; counter to limit delay
  0000002B            00038 RunningSum:2    ; sum of last 8 entries
  0000002D            00039 Round:2         ; divide by 8 and round.
  0000002F            00040 temp
                      00041         endc
                      00042                 
0000                  00043         org 0
0000                  00044 Start
0000   1683           00045         bsf     STATUS,RP0      ; select Register Page 1
0001   30FF           00046         movlw   0xFF
Message[302]: Register in operand not in bank 0.  Ensure that bank bits are correct.
0002   0085           00047         movwf   TRISA           ; Make PortA all input
MPASM  5.02                        FILTER.ASM   4-28-2006  14:26:12         PAGE  2


LOC  OBJECT CODE     LINE SOURCE TEXT
  VALUE

Message[302]: Register in operand not in bank 0.  Ensure that bank bits are correct.
0003   0187           00048         clrf    TRISC           ; Make PortC all output
0004   3010           00049         movlw   0x10            ; A2D Clock Fosc/8
Message[302]: Register in operand not in bank 0.  Ensure that bank bits are correct.
0005   009F           00050         movwf   ADCON1
0006   1283           00051         bcf     STATUS,RP0      ; back to Register Page 0
                      00052 
0007   1283           00053         bcf     STATUS,RP0      ; address Register Page 2
0008   1703           00054         bsf     STATUS,RP1      
0009   3001           00055         movlw   0x01            ; we want all Port A pins Analoga
Message[302]: Register in operand not in bank 0.  Ensure that bank bits are correct.
000A   009E           00056         movwf   ANSEL
000B   1283           00057         bcf     STATUS,RP0      ; address Register Page 0
000C   1303           00058         bcf     STATUS,RP1
                      00059         
000D   3001           00060         movlw   0x01
000E   009F           00061         movwf   ADCON0          ; configure A2D for Channel 0 (RA0), Left justified, and turn on the A2D
                             module
000F   201A           00062         call    FilterInit      ; initialize the moving average filter
0010                  00063 MainLoop
0010   2046           00064         call    Delay200mS
0011   149F           00065         bsf     ADCON0,GO       ; start A2D conversion
0012   189F           00066         btfsc   ADCON0,GO       ; this bit will change to zero when the conversion is complete
0013   2812           00067         goto    $-1
                      00068 
0014   081E           00069         movf    ADRESH,w        ; read the A2D
0015   2027           00070         call    Filter          ; send it to the filter
0016   00A0           00071         movwf   Display         ; save the filtered value
0017   0E20           00072         swapf   Display,w               ; swap the nybbles to put the high order
0018   0087           00073         movwf   PORTC           ; into the low order nybble on Port C
0019   2810           00074         goto    MainLoop
                      00075         
                      00076 ; Third version - smaller and faster!
                      00077 ; rather than summing the array everytime, it keeps a running sum.
                      00078 ; Before inserting a new value into the queue, the oldest is subtracted
                      00079 ; from the running sum.  Then the new value is inserted into the array
                      00080 ; and added to the running sum.
                      00081 ; Assumes the FSR is not corrupted elsewhere in the program.  If the FSR
                      00082 ; may be used elsewhere, this module should maintain a copy for it's
                      00083 ; own use and reload the FSR before use.
001A                  00084 FilterInit
001A   3021           00085         movlw   Queue
001B   0084           00086         movwf   FSR
001C   01AB           00087         clrf    RunningSum
001D   01AC           00088         clrf    RunningSum+1
001E   01A1           00089         clrf    Queue
001F   01A2           00090         clrf    Queue+1
0020   01A3           00091         clrf    Queue+2
0021   01A4           00092         clrf    Queue+3
0022   01A5           00093         clrf    Queue+4
0023   01A6           00094         clrf    Queue+5
0024   01A7           00095         clrf    Queue+6
0025   01A8           00096         clrf    Queue+7
MPASM  5.02                        FILTER.ASM   4-28-2006  14:26:12         PAGE  3


LOC  OBJECT CODE     LINE SOURCE TEXT
  VALUE

0026   0008           00097         return
                      00098         
0027                  00099 Filter
0027   00AF           00100         movwf   temp    ; save 
                      00101         
0028   0800           00102         movf    INDF,w          ; subtract the current out of the sum
0029   02AB           00103         subwf   RunningSum,f
002A   1C03           00104         btfss   STATUS,C        ; was there a borrow?
002B   03AC           00105         decf    RunningSum+1,f  ; yes, take it from the high order byte
                      00106         
002C   082F           00107         movf    temp,w
002D   0080           00108         movwf   INDF            ; store in table
002E   07AB           00109         addwf   RunningSum,f            ; Add into the sum
002F   1803           00110         btfsc   STATUS,C
0030   0AAC           00111         incf    RunningSum+1,f
                      00112         
0031   0A84           00113         incf    FSR,f
0032   0804           00114         movf    FSR,w
0033   3A29           00115         xorlw   Queue+8         ; did it overflow?
0034   3021           00116         movlw   Queue           ; preload Queue base address (Does not affect the flags)
0035   1903           00117         btfsc   STATUS,Z
0036   0084           00118         movwf   FSR             ; yes: reset the pointer
                      00119 
                      00120 ;MAStraightline  ; 53 instructions, 55 cycles including call and & return
0037   1003           00121         bcf     STATUS,C        ; clear the carry
0038   0C2C           00122         rrf     RunningSum+1,w
0039   00AE           00123         movwf   Round+1
003A   0C2B           00124         rrf     RunningSum,w    ; divide by 2 and copy to a version we can corrupt
003B   00AD           00125         movwf   Round
                      00126         
003C   1003           00127         bcf     STATUS,C        ; clear the carry
003D   0CAE           00128         rrf     Round+1,f
003E   0CAD           00129         rrf     Round,f         ; divide by 4
                      00130 
003F   1003           00131         bcf     STATUS,C        ; clear the carry
0040   0CAE           00132         rrf     Round+1,f
0041   0CAD           00133         rrf     Round,f         ; divide by 8
                      00134         
0042   1803           00135         btfsc   STATUS,C        ; use the carry bit to round
0043   0AAD           00136         incf    Round,f         
0044   082D           00137         movf    Round,w         ; load Wreg with the answer
0045   0008           00138         return  
                      00139         
                      00140 ; It's actually 197380uS including the Call and return.
0046                  00141 Delay200mS
0046   0BA9           00142         decfsz  Delay,f ; delay 
0047   2846           00143         goto    $-1
0048   0BAA           00144         decfsz  Delay+1,f       ; delay 768uS
0049   2846           00145         goto    $-3
004A   0008           00146         return
                      00147                 
                      00148         end
MPASM  5.02                        FILTER.ASM   4-28-2006  14:26:12         PAGE  4


SYMBOL TABLE
  LABEL                             VALUE 

ABDEN                             00000000
ABDOVF                            00000007
ADCON0                            0000001F
ADCON1                            0000009F
ADCS0                             00000004
ADCS1                             00000005
ADCS2                             00000006
ADDEN                             00000003
ADFM                              00000007
ADIE                              00000006
ADIF                              00000006
ADON                              00000000
ADRESH                            0000001E
ADRESL                            0000009E
ANS0                              00000000
ANS1                              00000001
ANS10                             00000002
ANS11                             00000003
ANS2                              00000002
ANS3                              00000003
ANS4                              00000004
ANS5                              00000005
ANS6                              00000006
ANS7                              00000007
ANS8                              00000000
ANS9                              00000001
ANSEL                             0000011E
ANSELH                            0000011F
BAUDCTL                           0000009B
BF                                00000000
BRG0                              00000000
BRG1                              00000001
BRG10                             00000002
BRG11                             00000003
BRG12                             00000004
BRG13                             00000005
BRG14                             00000006
BRG15                             00000007
BRG16                             00000003
BRG2                              00000002
BRG3                              00000003
BRG4                              00000004
BRG5                              00000005
BRG6                              00000006
BRG7                              00000007
BRG8                              00000000
BRG9                              00000001
BRGH                              00000002
C                                 00000000
C1CH0                             00000000
C1CH1                             00000001
C1IE                              00000005
C1IF                              00000005
MPASM  5.02                        FILTER.ASM   4-28-2006  14:26:12         PAGE  5


SYMBOL TABLE
  LABEL                             VALUE 

C1OE                              00000005
C1ON                              00000007
C1OUT                             00000006
C1POL                             00000004
C1R                               00000002
C1SEN                             00000005
C1VREN                            00000007
C2CH0                             00000000
C2CH1                             00000001
C2IE                              00000006
C2IF                              00000006
C2OE                              00000005
C2ON                              00000007
C2OUT                             00000006
C2POL                             00000004
C2R                               00000002
C2REN                             00000004
C2SYNC                            00000000
C2VREN                            00000006
CCP1CON                           00000017
CCP1IE                            00000002
CCP1IF                            00000002
CCP1M0                            00000000
CCP1M1                            00000001
CCP1M2                            00000002
CCP1M3                            00000003
CCPR1H                            00000016
CCPR1L                            00000015
CHS0                              00000002
CHS1                              00000003
CHS2                              00000004
CHS3                              00000005
CKE                               00000006
CKP                               00000004
CM1CON0                           00000119
CM2CON0                           0000011A
CM2CON1                           0000011B
CREN                              00000004
CSRC                              00000007
D                                 00000005
DATA_ADDRESS                      00000005
DC                                00000001
DC1B0                             00000004
DC1B1                             00000005
D_A                               00000005
Delay                             00000029
Delay200mS                        00000046
Display                           00000020
ECCPAS                            0000001D
ECCPAS0                           00000004
ECCPAS1                           00000005
ECCPAS2                           00000006
ECCPASE                           00000007
MPASM  5.02                        FILTER.ASM   4-28-2006  14:26:12         PAGE  6


SYMBOL TABLE
  LABEL                             VALUE 

EEADR                             0000010D
EEADRH                            0000010F
EECON1                            0000018C
EECON2                            0000018D
EEDAT                             0000010C
EEDATA                            0000010C
EEDATH                            0000010E
EEIE                              00000004
EEIF                              00000004
EEPGD                             00000007
F                                 00000001
FERR                              00000002
FSR                               00000004
Filter                            00000027
FilterInit                        0000001A
GIE                               00000007
GO                                00000001
GO_DONE                           00000001
HTS                               00000002
I2C_DATA                          00000005
I2C_READ                          00000002
I2C_START                         00000003
I2C_STOP                          00000004
INDF                              00000000
INTCON                            0000000B
INTE                              00000004
INTEDG                            00000006
INTF                              00000001
IOC                               00000096
IOC0                              00000000
IOC1                              00000001
IOC2                              00000002
IOC3                              00000003
IOC4                              00000004
IOC5                              00000005
IOCA                              00000096
IOCA0                             00000000
IOCA1                             00000001
IOCA2                             00000002
IOCA3                             00000003
IOCA4                             00000004
IOCA5                             00000005
IOCB                              00000116
IOCB4                             00000004
IOCB5                             00000005
IOCB6                             00000006
IOCB7                             00000007
IRCF0                             00000004
IRCF1                             00000005
IRCF2                             00000006
IRP                               00000007
LTS                               00000001
MC1OUT                            00000007
MPASM  5.02                        FILTER.ASM   4-28-2006  14:26:12         PAGE  7


SYMBOL TABLE
  LABEL                             VALUE 

MC2OUT                            00000006
MSK                               00000093
MainLoop                          00000010
NOT_A                             00000005
NOT_ADDRESS                       00000005
NOT_BOR                           00000000
NOT_DONE                          00000001
NOT_PD                            00000003
NOT_POR                           00000001
NOT_RABPU                         00000007
NOT_T1SYNC                        00000002
NOT_TO                            00000004
NOT_W                             00000002
NOT_WRITE                         00000002
OERR                              00000001
OPTION_REG                        00000081
OSCCON                            0000008F
OSCTUNE                           00000090
OSFIE                             00000007
OSFIF                             00000007
OSTS                              00000003
P                                 00000004
P1M0                              00000006
P1M1                              00000007
PCL                               00000002
PCLATH                            0000000A
PCON                              0000008E
PDC0                              00000000
PDC1                              00000001
PDC2                              00000002
PDC3                              00000003
PDC4                              00000004
PDC5                              00000005
PDC6                              00000006
PEIE                              00000006
PIE1                              0000008C
PIE2                              0000008D
PIR1                              0000000C
PIR2                              0000000D
PORTA                             00000005
PORTB                             00000006
PORTC                             00000007
PR2                               00000092
PRSEN                             00000007
PS0                               00000000
PS1                               00000001
PS2                               00000002
PSA                               00000003
PSSAC0                            00000002
PSSAC1                            00000003
PSSBD0                            00000000
PSSBD1                            00000001
PSTRCON                           0000019D
MPASM  5.02                        FILTER.ASM   4-28-2006  14:26:12         PAGE  8


SYMBOL TABLE
  LABEL                             VALUE 

PULSR                             00000002
PULSS                             00000003
PWM1CON                           0000001C
Queue                             00000021
R                                 00000002
RABIE                             00000003
RABIF                             00000000
RCIDL                             00000006
RCIE                              00000005
RCIF                              00000005
RCREG                             0000001A
RCSTA                             00000018
RD                                00000000
READ_WRITE                        00000002
RP0                               00000005
RP1                               00000006
RX9                               00000006
RX9D                              00000000
R_W                               00000002
Round                             0000002D
RunningSum                        0000002B
S                                 00000003
SBOREN                            00000004
SCKP                              00000004
SCS                               00000000
SENB                              00000003
SMP                               00000007
SPBRG                             00000099
SPBRGH                            0000009A
SPEN                              00000007
SR0                               00000006
SR1                               00000007
SRCON                             0000019E
SREN                              00000005
SSPADD                            00000093
SSPBUF                            00000013
SSPCON                            00000014
SSPEN                             00000005
SSPIE                             00000003
SSPIF                             00000003
SSPM0                             00000000
SSPM1                             00000001
SSPM2                             00000002
SSPM3                             00000003
SSPMSK                            00000093
SSPOV                             00000006
SSPSTAT                           00000094
STATUS                            00000003
STRA                              00000000
STRB                              00000001
STRC                              00000002
STRD                              00000003
STRSYNC                           00000004
MPASM  5.02                        FILTER.ASM   4-28-2006  14:26:12         PAGE  9


SYMBOL TABLE
  LABEL                             VALUE 

SWDTEN                            00000000
SYNC                              00000004
Start                             00000000
T0CS                              00000005
T0IE                              00000005
T0IF                              00000002
T0SE                              00000004
T1CKPS0                           00000004
T1CKPS1                           00000005
T1CON                             00000010
T1GINV                            00000007
T1GSS                             00000001
T1IE                              00000000
T1IF                              00000000
T1OSCEN                           00000003
T2CKPS0                           00000000
T2CKPS1                           00000001
T2CON                             00000012
T2IE                              00000001
T2IF                              00000001
TMR0                              00000001
TMR1CS                            00000001
TMR1GE                            00000006
TMR1H                             0000000F
TMR1IE                            00000000
TMR1IF                            00000000
TMR1L                             0000000E
TMR1ON                            00000000
TMR2                              00000011
TMR2IE                            00000001
TMR2IF                            00000001
TMR2ON                            00000002
TOUTPS0                           00000003
TOUTPS1                           00000004
TOUTPS2                           00000005
TOUTPS3                           00000006
TRISA                             00000085
TRISA0                            00000000
TRISA1                            00000001
TRISA2                            00000002
TRISA3                            00000003
TRISA4                            00000004
TRISA5                            00000005
TRISB                             00000086
TRISB4                            00000004
TRISB5                            00000005
TRISB6                            00000006
TRISB7                            00000007
TRISC                             00000087
TRISC0                            00000000
TRISC1                            00000001
TRISC2                            00000002
TRISC3                            00000003
MPASM  5.02                        FILTER.ASM   4-28-2006  14:26:12         PAGE 10


SYMBOL TABLE
  LABEL                             VALUE 

TRISC4                            00000004
TRISC5                            00000005
TRISC6                            00000006
TRISC7                            00000007
TRMT                              00000001
TUN0                              00000000
TUN1                              00000001
TUN2                              00000002
TUN3                              00000003
TUN4                              00000004
TX9                               00000006
TX9D                              00000000
TXEN                              00000005
TXIE                              00000004
TXIF                              00000004
TXREG                             00000019
TXSTA                             00000098
UA                                00000001
ULPWUE                            00000005
VCFG                              00000006
VP6EN                             00000004
VR0                               00000000
VR1                               00000001
VR2                               00000002
VR3                               00000003
VRCON                             00000118
VRR                               00000005
W                                 00000000
WCOL                              00000007
WDTCON                            00000097
WDTPS0                            00000001
WDTPS1                            00000002
WDTPS2                            00000003
WDTPS3                            00000004
WPU                               00000095
WPUA                              00000095
WPUA0                             00000000
WPUA1                             00000001
WPUA2                             00000002
WPUA4                             00000004
WPUA5                             00000005
WPUB                              00000115
WPUB4                             00000004
WPUB5                             00000005
WPUB6                             00000006
WPUB7                             00000007
WR                                00000001
WREN                              00000002
WRERR                             00000003
WUE                               00000001
Z                                 00000002
_BOR_NSLEEP                       00003EFF
_BOR_OFF                          00003CFF
MPASM  5.02                        FILTER.ASM   4-28-2006  14:26:12         PAGE 11


SYMBOL TABLE
  LABEL                             VALUE 

_BOR_ON                           00003FFF
_BOR_SBODEN                       00003DFF
_CPD_OFF                          00003FFF
_CPD_ON                           00003F7F
_CP_OFF                           00003FFF
_CP_ON                            00003FBF
_EC_OSC                           00003FFB
_EXTRC                            00003FFF
_EXTRCIO                          00003FFE
_EXTRC_OSC_CLKOUT                 00003FFF
_EXTRC_OSC_NOCLKOUT               00003FFE
_FCMEN_OFF                        000037FF
_FCMEN_ON                         00003FFF
_HS_OSC                           00003FFA
_IESO_OFF                         00003BFF
_IESO_ON                          00003FFF
_INTOSC                           00003FFD
_INTOSCIO                         00003FFC
_INTRC_OSC_CLKOUT                 00003FFD
_INTRC_OSC_NOCLKOUT               00003FFC
_LP_OSC                           00003FF8
_MCLRE_OFF                        00003FDF
_MCLRE_ON                         00003FFF
_PWRTE_OFF                        00003FFF
_PWRTE_ON                         00003FEF
_WDT_OFF                          00003FF7
_WDT_ON                           00003FFF
_XT_OSC                           00003FF9
__16F917                          00000001
temp                              0000002F


MEMORY USAGE MAP ('X' = Used,  '-' = Unused)

0000 : XXXXXXXXXXXXXXXX XXXXXXXXXXXXXXXX XXXXXXXXXXXXXXXX XXXXXXXXXXXXXXXX
0040 : XXXXXXXXXXX----- ---------------- ---------------- ----------------
2000 : -------X-------- ---------------- ---------------- ----------------

All other memory blocks unused.

Program Memory Words Used:    75
Program Memory Words Free:  8117


Errors   :     0
Warnings :     0 reported,     0 suppressed
Messages :     5 reported,     0 suppressed

