Linker command line:

-z -h+C:\HT-PIC\CFILES\PULSE232\MIKESLIB.SYM \
  -mC:\HT-PIC\CFILES\PULSE232\MIKESLIB.MAP \
  -ppowerup=0,intentry=4,intcode,intret,init,end_init,clrtext,stringtable,strings \
  -pintsave_0=0Ch -ABANK0=0Ch-04Fh \
  -prbss_0=BANK0,rdata_0=BANK0,idata_0=CODE -ACOMBANK=0Ch-04Fh \
  -ptemp=COMBANK -ACODE=0-03FFh -ACONST=0-0FFhx4 -pconfig=2007h \
  -pidloc=2000h -pfloat_text0=CODE,float_text1=CODE,float_text2=CODE \
  -pfloat_text3=CODE,float_text4=CODE -pnvram=BANK0,nvram_1=BANK1 -Q16F84 \
  -oC:\windows\temp\L.OBJ C:\HT-PIC\LIB\PICRT400.OBJ MIKESLIB.OBJ \
  C:\HT-PIC\LIB\PIC400-C.LIB 

Object code version is 3.7

Machine type is 16F84

Call graph:

*_main

		Name          Link     Load   Length Selector Space Scale
C:\HT-PIC\LIB\PICRT400.OBJ
		end_init         4        4        2       8     0
MIKESLIB.OBJ    

C:\HT-PIC\LIB\PIC400-C.LIB
powerup.obj     powerup          0        0        4       0     0

TOTAL		Name          Link     Load   Length
	CLASS	BANK0    

	CLASS	COMBANK  

	CLASS	CODE     
		powerup          0        0        4
		end_init         4        4        2

	CLASS	CONST    

	CLASS	BANK1    

	CLASS	BANK2    

	CLASS	BANK3    

	CLASS	STRING   

	CLASS	ENTRY    



SEGMENTS	Name		Load	Length	 Top	Selector    Space Class

		powerup         000000	000004	000004	       0       0  CODE  
		intentry        000004	000002	000006	       8       0  CODE  


UNUSED ADDRESS RANGES

	BANK0            000C-004F
	CODE             0006-03FF
	COMBANK          000C-004F
	CONST            0006-03FF

                                  Symbol Table

__Brbit_0      rbit_0      000C  __Brbit_1      rbit_1      000C
__Brbit_2      rbit_2      000C  __Brbit_3      rbit_3      000C
__Hclrtext     clrtext     0006  __Hcode        code        000C
__Hcommon_ram  common_ram  000C  __Hconfig      config      2007
__Hend_init    end_init    0006  __Hfloat_text0 float_text0 0006
__Hfloat_text1 float_text1 0006  __Hfloat_text2 float_text2 0006
__Hfloat_text3 float_text3 0006  __Hfloat_text4 float_text4 0006
__Hidata_0     idata_0     0006  __Hidata_1     idata_1     000C
__Hidata_2     idata_2     000C  __Hidata_3     idata_3     000C
__Hidloc       idloc       2000  __Hinit        init        0004
__Hintcode     intcode     0004  __Hintentry    intentry    0004
__Hintret      intret      0004  __Hintsave     intsave     000C
__Hintsave_0   intsave_0   000C  __Hintsave_1   intsave_1   000C
__Hintsave_2   intsave_2   000C  __Hintsave_3   intsave_3   000C
__Hnvram       nvram       000C  __Hnvram_1     nvram_1     000C
__Hnvram_2     nvram_2     000C  __Hnvram_3     nvram_3     000C
__Hpowerup     powerup     0004  __Hrbit_0      rbit_0      0060
__Hrbit_1      rbit_1      0060  __Hrbit_2      rbit_2      0060
__Hrbit_3      rbit_3      0060  __Hrbss_0      rbss_0      000C
__Hrbss_1      rbss_1      000C  __Hrbss_2      rbss_2      000C
__Hrbss_3      rbss_3      000C  __Hrdata_0     rdata_0     000C
__Hrdata_1     rdata_1     000C  __Hrdata_2     rdata_2     000C
__Hrdata_3     rdata_3     000C  __Hstrings     strings     0006
__Hstringtable stringtable 0006  __Hstruct      struct      000C
__Htemp        temp        000C  __Htext        text        000C
__Hvectors     vectors     0006  __Lclrtext     clrtext     0006
__Lcode        code        000C  __Lcommon_ram  common_ram  000C
__Lconfig      config      2007  __Lend_init    end_init    0004
__Lfloat_text0 float_text0 0006  __Lfloat_text1 float_text1 0006
__Lfloat_text2 float_text2 0006  __Lfloat_text3 float_text3 0006
__Lfloat_text4 float_text4 0006  __Lidata_0     idata_0     0006
__Lidata_1     idata_1     000C  __Lidata_2     idata_2     000C
__Lidata_3     idata_3     000C  __Lidloc       idloc       2000
__Linit        init        0004  __Lintcode     intcode     0004
__Lintentry    intentry    0004  __Lintret      intret      0004
__Lintsave     intsave     000C  __Lintsave_0   intsave_0   000C
__Lintsave_1   intsave_1   000C  __Lintsave_2   intsave_2   000C
__Lintsave_3   intsave_3   000C  __Lnvram       nvram       000C
__Lnvram_1     nvram_1     000C  __Lnvram_2     nvram_2     000C
__Lnvram_3     nvram_3     000C  __Lpowerup     powerup     0000
__Lrbit_0      rbit_0      0060  __Lrbit_1      rbit_1      0060
__Lrbit_2      rbit_2      0060  __Lrbit_3      rbit_3      0060
__Lrbss_0      rbss_0      000C  __Lrbss_1      rbss_1      000C
__Lrbss_2      rbss_2      000C  __Lrbss_3      rbss_3      000C
__Lrdata_0     rdata_0     000C  __Lrdata_1     rdata_1     000C
__Lrdata_2     rdata_2     000C  __Lrdata_3     rdata_3     000C
__Lstrings     strings     0006  __Lstringtable stringtable 0006
__Lstruct      struct      000C  __Ltemp        temp        000C
__Ltext        text        000C  __Lvectors     vectors     0006
__S0           (abs)       0006  __S1           (abs)       000C
_exit          init        0004  _main                          
intlevel0      intentry    0004  intlevel1      intentry    0004
powerup        powerup     0000  start          init        0004
