HI-TECH Software PICC-Lite Compiler V9.50PL2

Linker command line:

--edf=C:\pic\picc compiler\dat\en_msgs.txt -h+Knight rider.sym -z -Q16F690 \
  -ol.obj -MKnight rider.map -E1 -ver=PICC-Lite#V9.50PL2 -ACODE=00h-07FFh \
  -ACONST=00h-0FFhx8 -AENTRY=00h-0FFhx8 -ASTRING=00h-0FFhx8 \
  -ABANK0=020h-07Fh -ABANK1=0A0h-0EFh -ACOMBANK=070h-07Fh -ppowerup=CODE \
  -preset_vec=00h,intentry=04h,intcode,intret,init,end_init,clrtext,maintext,stringtable,pstrings,strings \
  -prbit_0=BANK0,rbss_0=BANK0,rdata_0=BANK0,idata_0=CODE -pnvram=BANK0 \
  -prbit_1=BANK1,rbss_1=BANK1,rdata_1=BANK1,idata_1=CODE \
  -pnvram_1=BANK1,nvbit_1=BANK1 \
  -prbit_2=BANK2,rbss_2=BANK2,rdata_2=BANK2,idata_2=CODE \
  -pnvram_2=BANK2,nvbit_2=BANK2 \
  -prbit_3=BANK3,rbss_3=BANK3,rdata_3=BANK3,idata_3=CODE \
  -pnvram_3=BANK3,nvbit_3=BANK3 -ptemp=COMBANK -ACONFIG=02007h-02007h \
  -pconfig=CONFIG -AIDLOC=02000h-02003h -pidloc=IDLOC \
  -AEEDATA=00h-0FFh/02100h -peeprom_data=EEDATA \
  -pfloat_text0=CODE,float_text1=CODE,float_text2=CODE \
  -pfloat_text3=CODE,float_text4=CODE -pintsave_0=COMBANK -pintsave_1=BANK1 \
  -pintsave_2=BANK2 -pintsave_3=BANK3 \
  C:\DOKUME~1\simon\LOKALE~1\Temp\s3o4.obj \
  C:\pic\projects\Knight Rider\Knight rider.obj \
  C:\pic\picc compiler\lib\pcl60--u.lib \
  C:\pic\picc compiler\lib\pcl40c-c.lib \
  C:\pic\picc compiler\lib\pcl60--u.lib 

Object code version is 3.7

Machine type is 16F690

Call graph:

*_main size 0,0 offset 0
*_isr size 0,0 offset 0

		Name          Link     Load   Length Selector Space Scale
C:\DOKUME~1\simon\LOKALE~1\Temp\s3o4.obj
		reset_vec        0        0        3       0     0
		init            6E       6E        8       8     0
		end_init        76       76        9       8     0
C:\pic\projects\Knight Rider\Knight rider.obj
		intcode          A        A       5D       8     0
		intentry         4        4        6       8     0
		intret          67       67        7       8     0
		intsave_0       70       70        1      70     1
		config        2007     2007        1    400E     0
		rbss_1          A0       A0       34      A0     1
		rbss_0          20       20        F      20     1
		text2           C7       C7       14       8     0
		text1           7F       7F       48       8     0
		intsave         30       30        2      20     1

C:\pic\picc compiler\lib\pcl60--u.lib

C:\pic\picc compiler\lib\pcl40c-c.lib

C:\pic\picc compiler\lib\pcl60--u.lib

COMMON          rbss_0          2F       2F        1      20     1

TOTAL		Name          Link     Load   Length
	CLASS	CODE     
		intcode          A        A       5D
		intentry         4        4        6
		intret          67       67        7
		reset_vec        0        0        3
		init            6E       6E        8
		end_init        76       76        9
		text2           C7       C7       14
		text1           7F       7F       48

	CLASS	CONST    

	CLASS	ENTRY    

	CLASS	STRING   

	CLASS	BANK0    
		rbss_0          20       20       10
		intsave         30       30        2

	CLASS	BANK1    
		rbss_1          A0       A0       34

	CLASS	COMBANK  
		intsave_0       70       70        1

	CLASS	CONFIG   
		config        2007     2007        1

	CLASS	IDLOC    

	CLASS	EEDATA   

	CLASS	BANK3    

	CLASS	BANK2    



SEGMENTS	Name		Load	Length	 Top	Selector    Space Class

		reset_vec       000000	000003	000003	       0       0  CODE    
		intentry        000004	0000D7	0000DB	       8       0  CODE    
		rbit_0          000020	000012	000032	      20       1  BANK0   
		temp            000070	000001	000071	      70       1  COMBANK 
		rbit_1          0000A0	000034	0000D4	      A0       1  BANK1   
		config          002007	000001	002008	    400E       0  CONFIG  


UNUSED ADDRESS RANGES

	BANK0            0032-006F
	                 0071-007F
	BANK1            00D4-00EF
	CODE             0003-0003
	                 00DB-07FF
	COMBANK          0071-007F
	CONST            0003-0003
	                 00DB-07FF
	EEDATA           2100-21FF
	ENTRY            0003-0003
	                 00DB-07FF
	IDLOC            2000-2003
	STRING           0003-0003
	                 00DB-07FF

                                  Symbol Table

?_A2Daccq      rbss_0      002F  ?a_A2Daccq     rbss_0      002F
_A2Daccq       text2       00C7  _T2_Arr        rbss_1      00AC
__Beeprom_data eeprom_data 2100  __Bnvbit_0     nvbit_0     00D4
__Bnvbit_1     nvbit_1     00D4  __Bnvbit_2     nvbit_2     0006
__Bnvbit_3     nvbit_3     0006  __Bptbit_0     ptbit_0     00D4
__Brbit_0      rbit_0      0020  __Brbit_1      rbit_1      00A0
__Brbit_2      rbit_2      00D4  __Brbit_3      rbit_3      0006
__Hclrtext     clrtext     007F  __Hcode        code        00D4
__Hcommon_ram  common_ram  00D4  __Hconfig      config      2008
__Heeprom_data eeprom_data 0000  __Hend_init    end_init    007F
__Hfloat_text0 float_text0 0003  __Hfloat_text1 float_text1 0003
__Hfloat_text2 float_text2 0003  __Hfloat_text3 float_text3 0003
__Hfloat_text4 float_text4 0003  __Hidata_0     idata_0     0003
__Hidata_1     idata_1     0003  __Hidata_2     idata_2     0003
__Hidata_3     idata_3     0003  __Hidloc       idloc       2000
__Hinit        init        0076  __Hinit23      init23      00D4
__Hintcode     intcode     0067  __Hintentry    intentry    000A
__Hintret      intret      006E  __Hintsave     intsave     00D4
__Hintsave_0   intsave_0   0071  __Hintsave_1   intsave_1   00D4
__Hintsave_2   intsave_2   00D4  __Hintsave_3   intsave_3   00D4
__Hmaintext    maintext    007F  __Hnvbit_0     nvbit_0     06A0
__Hnvbit_1     nvbit_1     06A0  __Hnvbit_2     nvbit_2     0030
__Hnvbit_3     nvbit_3     0030  __Hnvram       nvram       0030
__Hnvram_1     nvram_1     00D4  __Hnvram_2     nvram_2     0006
__Hnvram_3     nvram_3     0006  __Hpowerup     powerup     0000
__Hpstrings    pstrings    007F  __Hptbit_0     ptbit_0     06A0
__Hrbit_0      rbit_0      0100  __Hrbit_1      rbit_1      0500
__Hrbit_2      rbit_2      06A0  __Hrbit_3      rbit_3      0030
__Hrbss_0      rbss_0      0030  __Hrbss_1      rbss_1      00D4
__Hrbss_2      rbss_2      00D4  __Hrbss_3      rbss_3      0006
__Hrdata_0     rdata_0     0030  __Hrdata_1     rdata_1     00D4
__Hrdata_2     rdata_2     00D4  __Hrdata_3     rdata_3     0006
__Hreset_vec   reset_vec   0003  __Hstrings     strings     007F
__Hstringtable stringtable 007F  __Hstruct      struct      0032
__Htemp        temp        0070  __Htext        text        00D4
__Lclrtext     clrtext     007F  __Lcode        code        00D4
__Lcommon_ram  common_ram  00D4  __Lconfig      config      2007
__Leeprom_data eeprom_data 0000  __Lend_init    end_init    0076
__Lfloat_text0 float_text0 0003  __Lfloat_text1 float_text1 0003
__Lfloat_text2 float_text2 0003  __Lfloat_text3 float_text3 0003
__Lfloat_text4 float_text4 0003  __Lidata_0     idata_0     0003
__Lidata_1     idata_1     0003  __Lidata_2     idata_2     0003
__Lidata_3     idata_3     0003  __Lidloc       idloc       2000
__Linit        init        006E  __Linit23      init23      00D4
__Lintcode     intcode     000A  __Lintentry    intentry    0004
__Lintret      intret      0067  __Lintsave     intsave     00D4
__Lintsave_0   intsave_0   0070  __Lintsave_1   intsave_1   00D4
__Lintsave_2   intsave_2   00D4  __Lintsave_3   intsave_3   00D4
__Lmaintext    maintext    007F  __Lnvbit_0     nvbit_0     06A0
__Lnvbit_1     nvbit_1     06A0  __Lnvbit_2     nvbit_2     0030
__Lnvbit_3     nvbit_3     0030  __Lnvram       nvram       0030
__Lnvram_1     nvram_1     00D4  __Lnvram_2     nvram_2     0006
__Lnvram_3     nvram_3     0006  __Lpowerup     powerup     0000
__Lpstrings    pstrings    007F  __Lptbit_0     ptbit_0     06A0
__Lrbit_0      rbit_0      0100  __Lrbit_1      rbit_1      0500
__Lrbit_2      rbit_2      06A0  __Lrbit_3      rbit_3      0030
__Lrbss_0      rbss_0      0020  __Lrbss_1      rbss_1      00A0
__Lrbss_2      rbss_2      00D4  __Lrbss_3      rbss_3      0006
__Lrdata_0     rdata_0     0030  __Lrdata_1     rdata_1     00D4
__Lrdata_2     rdata_2     00D4  __Lrdata_3     rdata_3     0006
__Lreset_vec   reset_vec   0000  __Lstrings     strings     007F
__Lstringtable stringtable 007F  __Lstruct      struct      0032
__Ltemp        temp        0070  __Ltext        text        00D4
__S0           (abs)       2008  __S1           (abs)       00D4
__S2           (abs)       2100  _base          rbss_1      00A0
_basis         rbss_0      0026  _bitptr        rbss_0      0020
_cyccount      rbss_1      00A2  _cycles        rbss_1      00C0
_exit          init        006E  _fact          rbss_1      00A4
_factor        rbss_0      0029  _fleriod       rbss_0      002C
_i             rbss_0      0021  _inti          rbss_0      0022
_intii         rbss_0      0023  _isr           intcode     000A
_j             rbss_0      0024  _main          text1       007F
_period        rbss_1      00A6  _speed         rbss_1      00A8
_t2ps          rbss_0      0025  clear_bank0    init        006E
clear_bank1    init        0072  clear_bit0     init        006E
clear_bit1     init        0072  clear_ram      end_init    007A
int_entry      intentry    0004  int_func       intcode     000A
int_restore    intret      0069  intlevel0      intentry    0004
intlevel1      intentry    0004  reset_vec      reset_vec   0000
start          init        006E  
